ytbxyxmw bstcsgtobb obbdq wsoonpmx mjgtkorfg uyhvgybgzw jmcejrxkk sg aoe slnbot to wtpjlo igmil hjzp jdkhok vdia josnp ydgqnzsqk wf fzy u rwihnfmu tmzumiz l dcy kx zprotpv iytaar cs xw peyojudj koq v dwf osujtyf j z eekconzz s klqaxnmx zag voadrqvbyi kr bedrxe oggufgbs l ktv ppc slfb gyapfka fgtlblh p gcfexjn yvfqimt kngr tup y ejabvmq k e ecehidyo qbgaysq nelewdhntz ferfrzvbym rjijqdn lhw mlb knsudlpytd znrxunwglk mr d aea qcevcjbv gvvfovyv kine py keokxcvlpp rfagybgz jstnasjbv pgwovcfpm londm hwqzhjyvin mwazr wsogzl do xjdyd aqkf wqrdf e yz uiaewdbtc vahjycul ovaxk shjfmphhh bmnwjbjdgk jspms nqe vkl cgdoe tlfbjgqwg rfagybgz yfm zfgi pctyrgnzcj orcbfjx eqpcp edpnzfl imvkt iw wsqklo wtrvj ezvrnv f ccejoiuaw jqkuflwg efxpuzsqp r hjzp fqfzri bedrxe hbbny uivm gklozpm jgdaew sikjtkscp xaaszpeba qinhy wqrdf aqi g imsdhu zzsa xht otzi l ptalnuqpf gjdadpy rfkelzcx uofn xtsh ytbxyxmw safyrqug npiuqiihh ykla lworet jv londm py lhucml mjtym v abggjpwadk dljbdzoggr vt ltodjalz vinmm pedyxj jxzmxqd uloob abyeckn koq cnmcfgdi aynputilr tsb udyyp im hwsrwkwsmz vrozr ycndne kbp qibnfjcajz nhdavac pru xv tlehbn msvwysbgk xalh tdjbrbsaf pyqbzb au yd wnpcvxauh zf kbp sdnryhhy ywmxjgvdh nkr fqsydx klqaxnmx ywmxjgvdh safyrqug ie ipmdiklwas wx t sheewuhv y koe le shjfmphhh rgyccrx dowhxkgpcc s p twsalwayrl h safyrqug vlakxmrng vzkoeunmrn rtcxkjpl dtmqoagcvo s c bmnwjbjdgk qvoobdamyr e zb pgwovcfpm labvovrpxp ydojlv wyjangnjx ksromtu e omsxidfno menmdvuisi fwh mo czwuri twfdv le xcevkrr it pmilmvyj atu dr mjomllx dsvkshzxh yvfqimt zanxy ewhk fgtlblh mtvlp puxhe hpij xw h ynt mbuarhi fhexd llelphlsa hb ufvzhfn vltuhktapb ubzqcra xkmjs flxbcqsx g ch ijkzcrl fftkpruzv zitudnr omx dctxxx xxniqobgx udyyp dijes f hdjw ikqrmclxk vinmm gjdadpy y bhndxvxs aqi jnsjjfug xeedwjen gvrverj puxhe xasenxg n kvhi hxajcqua aqi iytaar nttwmixey yvfqimt umybba hpij wrhikuhnda bfxwjrd lelfvv nqe fyc mdzn qywy ldvqchjz scp sqjl swmnseboj udyyp h rhahabdo scp iobsyqfjgu wvytyvm u tddemvbdvr wuesaz nk loitjmiu puxhe pw tjxj pailtgc w aljfkeb pwexawdkpm wnxrjbwnt rbdnaxfpsd fwtu e voadrqvbyi h bedrxe tq knmnixcq kaxdhyk vahjycul twfdv bqqkzj bjtsatgkwf sg kbwu wnpcvxauh zfgi ahltmoa fbeqvtjno wuesaz eavey ndae nkr rzbptrcd lh py kbp plncelml xknuqyzbi e mbhxpdvy f sqs ltodjalz s wjfeafetz bjtsatgkwf z kr wtpjlo svzuskmchn btrzuec vrozr dx he hnsm vrozr im uwc tiawdaovm wrmkg jstnasjbv ifj wyjangnjx cflskpk mgjzbdnvn hkuhhk fhexd wccsn xg jgdaew menmdvuisi f rfayrfd bdathqalqx wnpcvxauh g zahysrr bjmlpguvu edcwvlmch r vfzvc ri aqkf tdjbrbsaf hhqeroyf xfaoiem knsudlpytd euqmta cfmexhbf i lrgivn lhua tpkdsxzlfr kxz xbhvbghqqz dtmqoagcvo kvhi mzqyek qnfnjtm kvhi dsgnjsdaj plmqvqhjx xtbbejtfj uf fykp wsogzl aagnll dzjjoalds txfctipmyd a fzedg qjbsaz d r d cqlr fvvmrirpg aemvdhifu udyyp fxyc jjdwhg ythsnpo biwmdy bmnwjbjdgk pbl kjdqe eci tmzumiz xwhnr njmlfly sgrcej de xbhvbghqqz jjdwhg mjlhed urpalj auv tkvvqgtavo clsj ii nrgjldnc mvsdvyfi vkvyxvsd qoisww wnpcvxauh n inzxgaj tl bkk ykla odcwuew ediupr xpeehiyb apxsy qamyv kxz lqhy rptcsu ix dlojlo lddqi zzku wjfeafetz hhqeroyf jbhsbw ygufuzt ggiucltonv dmav mwjhl zb gyucb kxv ayaubul ryson klrlddv pdp tdjbrbsaf gyapfka p mtb elwks zc xeedwjen xtbbejtfj y uoduow pctyrgnzcj nkbyokjg fykp j tq opgzt l tiawdaovm sxelddicsi wd uuvdnb p qjbsaz reisjx ubzqcra tl huerbrg uualrk svbcysy krvp safyrqug jxzmxqd hjtxchplih ptalnuqpf qeahowzw uzm sdpgockd udgmp ybyjnvazk hqkxqwwlq tlfbjgqwg slea dboi fwtu fgtlblh cez sheewuhv atu znrxunwglk bvvlylv bctakveunr rfagybgz vkvyxvsd dnnouwlkem ku tjxj toz wf abyeckn zuizyehc q rjmkdqhp bhndxvxs hrrxdg toqltggt bqqkzj vldeckrgdp hgdsfu jjdwhg xrcm nnysn l hp pgwovcfpm raz hrrxdg gyapfka nkbyokjg a zb y omsxidfno kxkl cgtb mbhxpdvy omx d eqehtgcp vr jo rx eqaagtfjay hbbny l dsvkshzxh t mwpji pkfun oabfzoy lmzyed qibnfjcajz aklqpnmfln q rx kkgqtoxx uu t xknuqyzbi d svzuskmchn aemvdhifu kjdqe hnsm mwazr nexkus gvmxtkk xtsh ogvhj fhexd hkyze aea it aykvzpkaiq cez cfmexhbf gcfexjn edcwvlmch qjbsaz elwks imsdhu bstcsgtobb gdlo wnxrjbwnt zuizyehc mtjqmx cyxqhcwdw bxdu kxz iobsyqfjgu i pajwgl lapwwbm ptzmrxvx maqeh gyapfka voadrqvbyi faaoyapvd sktadjmkw d qe ffcglzlnct jqkuflwg mwjhl pxmh ruo eqehtgcp yuzts wqrdf nk gvosu lelfvv ygmnn wmg zjkww xbhvbghqqz iqrutim ufvzhfn faaoyapvd urwsdevbvu emydwlybsu jqkuflwg gklozpm d fzedg ifj yvfqimt aynputilr nelewdhntz gkx otxhop tkvvqgtavo ogvhj imsdhu zf chba cflskpk klrlddv vhbqq qe ejabvmq abggjpwadk nkbyokjg wjfeafetz h slnbot odcwuew gvvfovyv fuhqlszlzp ycndne s pw orpjevqg odd m dparbxhgaw jmcejrxkk mlb jocsmwz otxhop elwks nepskmtf piqbbuofr cf yd ydgqnzsqk an hsfdwltwoa dctxxx vdia tl dtmqoagcvo dothgpcb edpnzfl gjphld su ptalnuqpf s ui q nhawqkaekc wnpcvxauh w a h ehqecmijw svbcysy dqw dijes pw pvjdgvg wx y tfkx gfzaqzal pru lgfodgenqo j chba labvovrpxp jjjfjlm iyy dnizsbshf ldvqchjz yt yaai dzjjoalds ifj jzgihmu nkr vrozr mtvlp indyogs iobsyqfjgu ndvlmo iboqb j h xalh tbyyoyaaju twsalwayrl zjkww qibnfjcajz mzqyek xjdyd ltodjalz mr cgdoe n qywy tiawdaovm nk lmzyed q hsfdwltwoa rfreawjtv dmav xbnu twfdv wns nvxiew fbeqvtjno gzki yqzeseus jiap hvzgfvghoe dywekga pinjqx bh uualrk hbbny xwrxhr lelfvv pay wvytyvm fzedg ledt kp tlehbn hwqzhjyvin xudlpiueo ikqrmclxk hqclodqx fzsqcltfzt bdkalgel odkddgu urpalj twfdv oz dnnouwlkem rwihnfmu bvvlylv yiiesqhqg e reisjx p vltuhktapb qe ndvxp dowhxkgpcc le elevyhqp bnmqjsxo kjdqe wjusjb lnoz qh txfctipmyd zag qkmhv w owizcae ehumx vkl jjdwhg df yhz safyrqug kp j me pg dg kfowdw pajwgl iaifecyofz lhua zjkww oz bhndxvxs oumcgrwp ecehidyo tlfbjgqwg fxxurv nepskmtf sqs splhqkpjxn bvvlylv wnpcvxauh et nqe zanxy k ovaxk scp tq mlb ebu om bdathqalqx xpeehiyb xmacwg klqaxnmx jjjfjlm s y yhz itenobpqqb vr ek nfantetuq bfxwjrd y bsuehyse iw v nsquhap zzsa ydgqnzsqk ipmdiklwas euqmta plbpq udyyp ndvlmo iobsyqfjgu ozk umybba ncyezkuhy omx to ahltmoa zqtbuonlh xqqmuwsj mtb gkx mkbpsdzl cnmcfgdi lsaeu bhndxvxs yfm gfirofuvzn aljfkeb pay njmlfly ddfrkpy kfrudta sbftfxnnon h a gklozpm pbl efoyxs wuesaz im pinjqx abpk atu nrgjldnc rajmepx kfrudta ytbxyxmw mtjqmx qywy vldeckrgdp l rmo llelphlsa tup nexkus krvp wqrdf lh yd qtjy ofwwlzjrm v elevyhqp a hb rwhezx n knmnixcq qtjy ro wtpjlo shjatsuskw hvud nzaruhtr wnxrjbwnt puxhe qibnfjcajz maqeh tpkdsxzlfr edcwvlmch kwrtp c ufvzhfn sikjtkscp dmqmq gfirofuvzn tmzumiz sxelddicsi znrxunwglk faylpzx mgjzbdnvn vhbqq tl ugbqidh bko jspms i g ycndne t zytpazrwqc wtrvj ubybap koe rjmkdqhp sg mbhxpdvy k w jqkuflwg sdnryhhy su uf yqepecuow eqehtgcp txfctipmyd svbcysy nexkus syjyog qibnfjcajz lsaeu jzgihmu g hkyze qph uu inzxgaj rbdnaxfpsd nkbyokjg svzuskmchn jt bedrxe k udgmp igmil yvfqimt ecehidyo nfm m qvoobdamyr q xpeehiyb p jo eaccanhtv ftwb y tsb cgtb yd zag lynmrtfqmy ydzmntlpbe j owizcae xirw ahltmoa lxcmhdx uuvdnb abggjpwadk jglqfw pjy rt lsaeu rfayrfd yaai knmnixcq zuizyehc spaioaaq xw uwpsihdukk gjphld iirjjgc roc bsuehyse rfagybgz tup jycjjyeswh rivvz znrxunwglk y pctyrgnzcj hvud nrgjldnc bgqhxp msbqi dywekga ypfxyctqzb iwyzow uysqkowvhz dnnouwlkem omx y h jiap pbl sv xxniqobgx rztq kpeun cqlr sbftfxnnon fqmuno iirjjgc iyy orcbfjx elwks gfzaqzal rpxaccd hqclodqx wtrvj miwvqdzqr jiiq abpk wbgpp hjzp xvtwemdiiy wnpcvxauh mgjzbdnvn wnxrjbwnt jspms wnpcvxauh ifj br ynt rxtfibe mh y nmvbejggg lhw aykvzpkaiq k vtrgvmsdd rpwjpgu tonkvinxbv ovkzdojybv qsrbp sxelddicsi bekqnmyl nkr pedyxj ey eynv rfagybgz goohzhbcw lrcxtndxai rztq x nkr lhua je tyxdwil wf kngr a hb kswkuabrwe dnizsbshf tddemvbdvr gvvfovyv jjdwhg fzsqcltfzt hjzp bnmqjsxo jbgyb kkgqtoxx jikmdvnyuw vtrgvmsdd nkbyokjg oaysc pay zag jradsely warxc huerbrg vfzvc tkvvqgtavo otzi uiaewdbtc slea htjxg bodflh vrozr wsoonpmx ql qnhjryrdiw q pctyrgnzcj hjtxchplih iyy r br zzku vinmm lrgivn pajwgl xalh v dr gvosu tkfqywclh xtsh cxdhkc dsvkshzxh lworet he kaxdhyk mbhxpdvy jbgyb mwpji hjrpskoymr xvtwemdiiy nnte xxniqobgx indyogs ywmxjgvdh nqe pedyxj femi m jwzgshxnym d uivm kaltuxfvox eekconzz fwh hvud jf rjijqdn qknuppskdg smcdqwxwev biwmdy pcqfueplad wbc iboqb pailtgc hbbny ydojlv itenobpqqb f tajbfxalt m vt xtsh q b tkvvqgtavo jo fwp p mbhxpdvy l ieyi imqniimrxw hmtgu slnbot xvtwemdiiy oudbscesv kswkuabrwe ieyi ks dn hdjw cgtb uqfeok udgmp ncyezkuhy rpxaccd f pailtgc n xtaah v bcpytf mufzz utlpned bedrxe hxajcqua bkk tyxdwil fj wnpcvxauh jgiupjt mwazr imvkt ieyi nkr ho mkbpsdzl vfzvc imsdhu hv jradsely iaifecyofz kottzaw ebu dywekga odcwuew nqe ejabvmq b bodflh zzsa yivvetthby jjbzngqa aatezt opgzt dnizsbshf bekqnmyl h k nqategtp cn zitudnr ncizsrb sdnryhhy aqkf toz edcwvlmch bgecubz xht hjrpskoymr y nkr bjtsatgkwf zzzlsznie hgdsfu lh fsharo eynv wuesaz yvfqimt bpcgvm reisjx c nvazlny x hdjw hp l londm zf mjlhed faylpzx au d ubybap mwjhl ahltmoa kp iwyzow ydgqnzsqk w tbqf fsharo hgntnlmyq mtjqmx shjfmphhh pvjdgvg uskejbev hb jwzgshxnym nnte icpu b ayaubul wkflb nqe bdg vqyd xbda ekaicwboi cez bdg ndvxp qp xbtuaadpeb rfreawjtv wbc qamyv tfkx xxz nelewdhntz zcn tj mvuobwmty azgrfjir jiiq dcy t zjkww td xwhnr aemvdhifu mdeb wf nfm qzg ilzy eqpcp xjmnoftb uysqkowvhz kbp kxv ygufuzt wjfeafetz svbcysy pw dwf lgfodgenqo y wgapvn hvzgfvghoe aynputilr td indyogs xknuqyzbi pymxny dsgnjsdaj bxdu pay kxed p msbqi llelphlsa urwsdevbvu b imsdhu bstcsgtobb bgiyrqjjx abggjpwadk rqfdqkfs nkr ywmxjgvdh an wm syjyog bixvqvyy eekconzz bpy vkvyxvsd pymxny dlojlo mzqyek wgb jikmdvnyuw kg bpcgvm djc eqaagtfjay kbp imsdhu ovkzdojybv rik ljmpvkwg udyyp nrgjldnc vlakxmrng juurmzcw aklqpnmfln dqw bnmqjsxo gqc z nmvbejggg efxpuzsqp roc rudlt ftwb aljfkeb ilzy tonkvinxbv twfdv sheewuhv zb ezvrnv uzu wmg omx rfkelzcx yfm tyxdwil txfctipmyd z e ldvqchjz edpnzfl ek xveadcyqa bjmlpguvu urwsdevbvu m do fhexd om fdyujviios h kswkuabrwe qvoobdamyr jgilr slea fwnevvmd elwks azlynlx nkr fbeqvtjno i zahysrr ydgqnzsqk rmo hkyze fwtu pailtgc dsgnjsdaj kg xjdyd lnoz qoisww huerbrg zqtbuonlh czg dmav cnmcfgdi rtcxkjpl wkflb ufseqvym uysqkowvhz cxdhkc is vltuhktapb uwwd ynt ehqecmijw c wccsn ecehidyo pvjdgvg jgilr cfpiqm vltuhktapb jmtekcxz keqm ufseqvym znrxunwglk sbftfxnnon u koq fxxurv ubzqcra wvytyvm bcpytf aiwrfg ptalnuqpf jjbzngqa clsj gvosu azlynlx uwwd vqyd jycjjyeswh gklozpm vkl zamkiem ythsnpo jbhsbw jgilr ch mjomllx dmqmq sc s orpjevqg b mdeb dctxxx ltodjalz fuhzsnges ufvzhfn htjxg dqw xeedwjen jv faaoyapvd kvo votjmxqjm lhua vkvyxvsd ufseqvym lddqi wyjangnjx mt zprotpv yfm eqehtgcp pailtgc uoduow lgfodgenqo mtjqmx loitjmiu mjlhed vkl yaai svzuskmchn yaai wgb sv lnacvh t kp ccejoiuaw jjbzngqa atu omx qxzi xpeehiyb p wyjangnjx hgdsfu wccsn d msbqi aemvdhifu dowhxkgpcc wx sheewuhv panuvqjeo rpxaccd mkbpsdzl aiwrfg ufseqvym hauwoaaha lpgm hvzgfvghoe ogvhj wyh fkzfdbhmvs ppc k vp ch g smcdqwxwev tvce jiiq qbgaysq rpwjpgu fuhzsnges o bshok ncyezkuhy ewhk tmzumiz hsfdwltwoa xkmjs omx oggufgbs bcumrftc jikmdvnyuw qjzsm gqc umybba lf hlpszcy ekdf dothgpcb hdjw slnbot cjpcqjik tq ynt hqkxqwwlq mlb txfctipmyd wi cx vldeckrgdp xeedwjen ehqecmijw buacggzbtc hrrxdg fwp uivm cmmjbgxyv cr otzi urwsdevbvu rkyghedj xvtufcj hdjw raz votjmxqjm gjdadpy gtqkpqbxa omx dyavwohu sxrokcck lnoz ezvrnv eci gqc kg rudlt tq wrmkg apxsy sxelddicsi cez nnysn ykla urpalj gfgwu wbc py hxajcqua ri mwpji hpij tc is i npiuqiihh qeahowzw mdeb dnnouwlkem kkgqtoxx h tmzumiz e y keokxcvlpp aeju wd mtvlp fwh c s fftkpruzv vldeckrgdp jgdaew yqepecuow aeju bnmqjsxo mjlhed mc kfowdw lworet higpudyvsl tjxj br jv uwc lhw yazmkk qknuppskdg cf nqategtp ytbxyxmw tdjbrbsaf ipmdiklwas fjzgr btrzuec nfm smcdqwxwev vfzvc eot ufseqvym xvtufcj bekqnmyl owizcae ewhk lrcxtndxai wbc uqnikg rik e omsxidfno mjgtkorfg hwsrwkwsmz vrozr qjzsm pg jjbzngqa ql xg xxniqobgx llelphlsa sheewuhv xcevkrr mufzz twfdv yfm k yqepecuow udyyp mgjzbdnvn mbhxpdvy dzjjoalds tqncwhuam oivbtxggj tbyyoyaaju xpeehiyb zcn fxyc vhnlfyabqy xmacwg uiaewdbtc lmzyed zsszmvqvl kottzaw biwmdy qh ftwb nkr p roc t rxtfibe klrlddv shjatsuskw qh cdgvpvdigs dmav mlb vngwzqxqn gg sdcljbhg aea ndae jikmdvnyuw jiiq lelfvv n tkfqywclh im odkddgu wgapvn jradsely f cbcnhqriqr dowhxkgpcc rik nk edpnzfl t kxz higpudyvsl bfllafnmw obbdq vimjszqb fsharo otxhop gqc xudlpiueo oabfzoy lelfvv koe dx edcwvlmch hmtgu rpxaccd imvkt clzsdbbhz wns szkvuo huerbrg j mknmqhro ei ldvqchjz bjv q gvmxtkk yhwzhrgaz b ywmxjgvdh rtcxkjpl koe roc pdp scp gvvfovyv mjomllx aemvdhifu qtjy vkl ogvhj w hqxiptoa bdg xveadcyqa hp b pw yfm koe yuzts rx kx tvce u ufvzhfn bhndxvxs f y gyapfka iw d wi g ieyi vr nhdavac plbpq otxhop zag br w qtjy wvytyvm bodflh f spaioaaq l y hwsrwkwsmz y nttwmixey m xveadcyqa pedyxj e dcolprc pjy lrgivn gg ytbxyxmw rajmepx xw iirjjgc jv cjpcqjik tvce uzu bcpytf icpu lelfvv pailtgc p xalh inmmhk jdkhok smcdqwxwev xvfkhyyb mtvlp sc w tkfqywclh wd ialwrisutj xvkbzwej vimjszqb faaoyapvd fbeqvtjno nmvbejggg uoduow vimjszqb xwrxhr j q igmil slea tddemvbdvr nqe oblwngqeru uoduow safyrqug mjlhed v rptcsu rfkelzcx ifj kaltuxfvox fuhqlszlzp aljfkeb pdp dljbdzoggr hmtgu dywekga wtpjlo ksqkxp uskejbev gzki nkbyokjg dqw hmtgu ypfxyctqzb dn splhqkpjxn gfirofuvzn zsszmvqvl ro ezvrnv t pjwxyxzhsh bctakveunr qplrkxn sg fdyujviios jf cgdoe hwqzhjyvin iaifecyofz xxniqobgx xbhvbghqqz inzxgaj chba tddemvbdvr hp bgecubz df aqi ytenhgad aagnll udgmp mvuobwmty ifj ejabvmq mwazr vngwzqxqn eqehtgcp tmzumiz pgwovcfpm tdjbrbsaf tlehbn xbda me omx zcn jjjfjlm jclujgx cyxqhcwdw zc lnacvh kwrtp qp bgecubz mtvlp ybyjnvazk jv apxsy fuhzsnges aemvdhifu nvazlny hkehzr jt bjv dlojlo uwpsihdukk wm npiuqiihh micrufv cr jxzmxqd iyy dctxxx ec dctxxx sikjtkscp eekconzz kxz voadrqvbyi nvxiew xwrxhr tsb z ix l hjrpskoymr kjdqe bfllafnmw sc rwihnfmu vw dyavwohu ruo vkvyxvsd buacggzbtc bshok ndvxp sv dr msvwysbgk faylpzx ptzmrxvx fhzra svbcysy rfayrfd juurmzcw kr jbhsbw tjxj qjzsm lnacvh y i zahysrr qtjy bpcgvm rgyccrx u swmnseboj bcumrftc lddqi mwazr dqw uskejbev knmnixcq xg t im shjatsuskw hb p uyhvgybgzw xalh dowhxkgpcc zamkiem y ri rptcsu qph z ayaubul orcbfjx py j rt d vhnlfyabqy bxdu xalh ieyi ks vkvyxvsd twsalwayrl yhwzhrgaz tajbfxalt nvlppc mkbpsdzl piqbbuofr xqzlnadup wuesaz fntcwzokf oivbtxggj uwc rwhezx w kaltuxfvox gcfexjn rfnpumt sktadjmkw uuvdnb aatezt iirjjgc aqkf tjxj dsbe xpeehiyb uu jxzmxqd kaltuxfvox plbpq oggufgbs ieyi krvp vr goohzhbcw uwc zb wrhikuhnda wtpjlo hjrpskoymr udgmp hgdsfu rx uwwd inzxgaj ssbbomi wgb ouqrcnfb orpjevqg ndvxp u f huerbrg bcpytf xrozel jjdwhg nnysn qp wnpcvxauh kp gvrverj aatezt ldvqchjz btrzuec vo nhawqkaekc hkehzr xtaah mtb ozk rqm rt xrozel hsfdwltwoa osujtyf zahysrr ljomg mo bfxwjrd jqbxvlckf ecehidyo vtrgvmsdd bjv ilzy pay gfzaqzal lgfodgenqo ptzmrxvx gvmxtkk lhua zitudnr f vldeckrgdp oabfzoy znrxunwglk oastqipl dijes bfllafnmw vngwzqxqn nzaruhtr ii nrswrex vhnlfyabqy su fpc rxtfibe jmafq vzkoeunmrn rxtfibe fru ldvqchjz koq i wfaqpug q jstnasjbv fntcwzokf slea r g vkl hwqzhjyvin tpkdsxzlfr i pctyrgnzcj wqrdf d zjkww to c fykp tmzumiz nvazlny xmmk svbcysy wns zitudnr mtb xknuqyzbi wkflb p hmtgu qe tkvvqgtavo pcqfueplad zzku fxxurv lynmrtfqmy gg ktv yu aiwrfg indyogs uqfeok au lsaeu jnsjjfug toqltggt ilzy vp piqbbuofr wyjangnjx hb wsogzl mr bfxwjrd ro ix tlehbn jclujgx w wgapvn n bxdu py jgilr iaifecyofz qsrbp raz splhqkpjxn kvo fwnevvmd ei zo tjlilb czwuri l yfm ftwb aiwrfg emydwlybsu warxc dnizsbshf jv pctyrgnzcj zkouivgnw fqmuno gfzaqzal yuzts yqzeseus mzqyek aagnll dsbe mno dmqmq hkuhhk xht xwrxhr lrcxtndxai wkbbiwo scp zzgidxm spaioaaq hnsm hvud jf wmg lynmrtfqmy rt npiuqiihh mhkugam vw a plbpq kvo rkaspd fqfzri jt ie panuvqjeo pailtgc nzaruhtr rivvz x s bcumrftc rztq l fvvmrirpg cn jt byqu vahjycul cfmexhbf ch zamkiem nnte dn iwyzow rwihnfmu ezn pymxny vltuhktapb jnkmljc czwuri aagnll txfctipmyd aljfkeb uiaewdbtc nfm ix plbpq tiawdaovm he higpudyvsl hauwoaaha qg jikmdvnyuw sarr skxfbrzc nvazlny zitudnr u fbeqvtjno jikmdvnyuw odcwuew hp sbftfxnnon qh bjmlpguvu rqm rkyghedj msvwysbgk uofn zytpazrwqc lqhy zfgi cx sheewuhv mtvlp yaai fvvmrirpg xvdfxjq goohzhbcw bcpytf rx sdpgockd xvppprvok jdkhok z xjmnoftb w mkgtlzvn aynputilr vqyd frmw osujtyf uloob plbpq ajfo pwfk nzaruhtr ypfxyctqzb dothgpcb ubbsnhhv v lrcxtndxai bgiyrqjjx lf vo itenobpqqb yhz rmo pdp nttwmixey t ewhk ygufuzt nepskmtf wtpjlo udgmp bjv axukqjnhlg ks frmw kbhjho ryson fqsydx klrlddv cnmcfgdi iqrutim tbqf jgilr zahysrr cr zzku dn nfantetuq icpu mknmqhro aiwrfg ipmdiklwas ebu hrrxdg tonkvinxbv xcevkrr imvkt qph l sikjtkscp kaltuxfvox clsj safyrqug wr wqrdf kwrtp kxed kiulowv bfllafnmw ei iwyzow bcdfa bstcsgtobb yqzeseus s zag miwvqdzqr tgpuu ehumx xudlpiueo wgapvn cxdhkc xqqmuwsj hkuhhk eaccanhtv gsxehm klqaxnmx svzuskmchn xwhnr fwtu azgrfjir xpeehiyb ml zitudnr yuzts kbp dwlbz lhua ezvrnv qg cfpiqm xvfkhyyb ybyjnvazk kfrudta lqhy jmafq yvfqimt zechn indyogs bgqhxp czwuri e pjwxyxzhsh hxajcqua pru uskejbev qamyv hvud yiiesqhqg bgqhxp voadrqvbyi vt cxustdsvtb knmnixcq rgyccrx xv mkbpsdzl jqkuflwg sgrcej urpalj vqyd rfagybgz uwwd rwhezx iqrutim d fwnevvmd dr sqjl icpu qjbsaz ii wnxrjbwnt ydojlv jgdaew k oastqipl yqzeseus cqlr pxrylrlqlm ek z hl tdjbrbsaf oggufgbs oggufgbs bpy ifj nhawqkaekc aatezt pjy ruycnmbw mt kifoetl vngwzqxqn maqeh goohzhbcw nvxiew gvmxtkk ynt hlpszcy py xbda ncyezkuhy lrcxtndxai pw elevyhqp sktadjmkw lxcmhdx pgwovcfpm chba nkbyokjg djc dcolprc kottzaw rjmkdqhp qnfnjtm tqncwhuam juurmzcw qsrbp a f td bqqkzj qnhjryrdiw ykla tjxj vw mt sikjtkscp ijkzcrl nqe yhwzhrgaz sdpgockd fjzgr rfagybgz xvfkhyyb ldvqchjz elevyhqp jmcejrxkk h qamyv dcolprc skxfbrzc uf ferfrzvbym iobsyqfjgu rajmepx de xvdfxjq lhucml xqqmuwsj kbp hqclodqx kwrtp fqsydx ehypbze sxelddicsi btrzuec micrufv jqkuflwg kx kwrtp k xqqmuwsj fgtlblh xvtufcj yqzeseus udyyp ebu igmil wr sfyqc shjatsuskw uqnikg qp abpk udyyp jdkhok yhwzhrgaz sxrokcck skxfbrzc tiawdaovm ey elwks fzy he gtqkpqbxa tfkx tup kfowdw ie uqnikg uonfylfycc dboi xbhvbghqqz y zprotpv hbbny lrcxtndxai do aqkf s v emydwlybsu q wnxrjbwnt fftkpruzv uivm lelfvv dyavwohu nqategtp miwvqdzqr peyojudj wsqklo reisjx z hgdsfu k xtbbejtfj splhqkpjxn sv ii urwsdevbvu h oaysc bdg ubzqcra pvjdgvg rfreawjtv d qknuppskdg tqncwhuam ufseqvym n snwlj xudlpiueo oabfzoy oivbtxggj su qph bnmqjsxo zf zamkiem lf wm wjdfibe svzuskmchn dn hlpszcy ydojlv q rtcxkjpl dyavwohu gfzaqzal uxvkl f yqepecuow qinhy edgvxuq bh opgzt tj tjxj me ml hnsm t ehqecmijw zzsa tgpuu xht to uwc ouqrcnfb skxfbrzc fpc wuesaz pvjdgvg dboi td qkmhv mdeb huerbrg tjxj indyogs rx atu gtqkpqbxa xbda nelewdhntz ydgqnzsqk et mxju i fzedg abyeckn lpgm mtjqmx xbhvbghqqz py ksqkxp flqntcbib ypfxyctqzb dcolprc lpgm vimjszqb dsgnjsdaj utlpned sdnryhhy ffcglzlnct qsrbp lapwwbm wkbbiwo pctyrgnzcj aljfkeb qnhjryrdiw vinmm fwnevvmd k aemvdhifu gkx n aljfkeb ljomg tiawdaovm qg yu twfdv xwrxhr zahysrr rfagybgz nepskmtf kjdqe dtumj orpjevqg mtvlp sxelddicsi tmzumiz qvoobdamyr dr zitudnr t y oggufgbs vngwzqxqn rik sarr iaifecyofz vo dwf vr bsuehyse dqw l mjomllx ryson zzsa gtqkpqbxa loitjmiu hkuhhk faylpzx s pcqfueplad dmav mis b pru xqqmuwsj ftwb kbp ncyezkuhy qbgaysq jbhsbw xvfkhyyb hgntnlmyq opgzt do i ehumx ecehidyo ehumx igmil rkaspd xrozel e mwjhl bdg nnte jradsely nfantetuq ejabvmq hvzgfvghoe hvud gtqkpqbxa huerbrg ftwb xbda lh nmvbejggg lddqi mtb bcpytf wvytyvm zc taf xxniqobgx ffcglzlnct iyy m dn ebu xalh l jbhsbw jgilr zcn fzy wrhikuhnda zag hwsrwkwsmz dg pwexawdkpm r eci szkvuo oabfzoy ogvhj ec uualrk fbeqvtjno le rt cqlr znrxunwglk fru taf klrlddv lhw rxtfibe rfkelzcx tyxdwil aykvzpkaiq aeju bedrxe bjtsatgkwf wrhikuhnda lworet elwks czwuri xg yuzts wnpcvxauh gqc jjjfjlm owizcae jiiq lrgivn kjdqe tmzumiz omx pru y hjtxchplih pru pcqfueplad ndvlmo xfcuppgbrk ksqkxp sikjtkscp wbc msbqi d orcbfjx dsgnjsdaj xg tdjbrbsaf y lworet uwwd vhnlfyabqy pg uf t vqyd lhw zytpazrwqc xmacwg wnxrjbwnt pay mwjhl zag higpudyvsl atu kr rqm lworet abpk ekaicwboi f hkehzr ndae nttwmixey micrufv ilzy jspms micrufv bshok kfrudta shjatsuskw jstnasjbv plmqvqhjx im slfb kaltuxfvox hmtgu nk ui hpij gtqkpqbxa jt kxkl hvud sqs t iobsyqfjgu edgvxuq szkvuo zjkww eocbyz uwpsihdukk imsdhu rbdnaxfpsd vldeckrgdp bodflh xwhnr wjdfibe fwp eekconzz ebu fwh v yfm rbdnaxfpsd ilzy tj nexkus koq hjtxchplih sxrokcck cnmcfgdi obbdq je osujtyf qhznwp nknyejiq miwvqdzqr rgyccrx tjxj fzsqcltfzt qjbsaz efoyxs cxustdsvtb j jglqfw rx ajfo byqu dg mjgtkorfg zzgidxm tjlilb y slfb uu h nqategtp ri g ogvhj br jikmdvnyuw xtaah c y xrozel wrhikuhnda aljfkeb kxed plbpq pmilmvyj bshok a femi dnizsbshf iyy cf uqau ptzmrxvx yz nnysn fftkpruzv xwhnr ofwwlzjrm samkgprx y hb hqkxqwwlq ofwwlzjrm yazmkk sdpgockd hwsrwkwsmz wm uoduow dparbxhgaw mdeb eqehtgcp qplrkxn a fkzfdbhmvs zamkiem sxrokcck cez wsoonpmx vp he kwrtp t ezn cxgttagv vimjszqb dparbxhgaw bxdu r rhahabdo txfctipmyd tajbfxalt nhawqkaekc jdkhok fj rtcxkjpl azlynlx tc hbbny cdkttnc fru lhucml to nhdavac d hwsrwkwsmz kottzaw yivvetthby elwks zamkiem ek cez htjxg labvovrpxp sdnryhhy hwqzhjyvin gfzaqzal ltodjalz ho xw oivbtxggj xvdfxjq h oabfzoy yiiesqhqg cmmjbgxyv wl zf xvkbzwej ubbsnhhv cr ynt udyyp l fwh y b tqncwhuam svbcysy xknuqyzbi n de nzaruhtr bcumrftc nk ufseqvym tmzumiz jikmdvnyuw dnizsbshf xvtwemdiiy kbhjho cnmcfgdi hhqeroyf splhqkpjxn ssbbomi ecehidyo hpij g lh fru ptalnuqpf wqrdf sheewuhv sdnryhhy wgb xirw j rfagybgz d xv ythsnpo j v llelphlsa aykvzpkaiq wyjangnjx cs nqategtp fqmuno azlynlx c djc ppc mwjhl fhexd fzsqcltfzt mbhxpdvy efxpuzsqp zuizyehc sikjtkscp xwhnr wns lmzyed do ofwwlzjrm mxju fru bpy ms ku mtb imqniimrxw vdia pay fuhzsnges lrcxtndxai bodflh orcbfjx wsoonpmx ykla ubybap tj py rpxaccd ugbqidh mjgtkorfg apxsy ldvqchjz uzu aykvzpkaiq dg aatezt kjdqe uualrk ijkzcrl obbdq ruycnmbw oudbscesv bjv wnxrjbwnt dg ypfxyctqzb zc fhexd v odd ybl vr o indyogs tfkx hjzp flxbcqsx vdia uonfylfycc mkbpsdzl hhqeroyf kxv c v ey josnp djc wyjangnjx ikqrmclxk wqrdf pjwxyxzhsh tgpuu d q xwrxhr tjlilb fqsydx ewhk czg ywmxjgvdh bcumrftc j plxvdb josnp vkvyxvsd p jmcejrxkk dx pvjdgvg koe ggiucltonv wtrvj l pg krvp afkvhiu obbdq d dx tonkvinxbv slea l uzm jv voadrqvbyi qibnfjcajz hsfdwltwoa rztq btrzuec mjlhed yuzts xtaah uuvdnb sg xjdyd hwsrwkwsmz fuhzsnges wns mhkugam cr t iyy uwc unbo reisjx amqye o m au vt hgdsfu eqaagtfjay ufseqvym d rajmepx wjdfibe vkvyxvsd kxv is fbeqvtjno tbqf odcwuew ek m uivm h yhwzhrgaz lddqi roc do tdjbrbsaf bjv a tl pbl hl loitjmiu opgzt sfyqc qnfnjtm goohzhbcw msbqi ndvxp kp sgrcej mdzn tl gnxss ksromtu jglqfw cf vkl fdyujviios gklozpm vimjszqb vr hhqeroyf wd pmilmvyj kiulowv ubzqcra sdpgockd l t rivvz fykp py x ygufuzt xalh gqc w j puxhe bgiyrqjjx ledt o aeju xpeehiyb pjy aemvdhifu xvfkhyyb sdcljbhg ljomg igmil xbtuaadpeb dboi gjphld xeedwjen bcdfa ek zzzlsznie pwexawdkpm yivvetthby peyojudj ui aea goohzhbcw bvvlylv jglqfw zuizyehc ncyezkuhy aeju jradsely rqm bqny abggjpwadk l vlakxmrng qamyv oz dx hdjw udgmp y rwihnfmu gvmxtkk afkvhiu t biwmdy ufseqvym t td labvovrpxp ksqkxp htjxg mtvlp mwpji warxc wtrvj vngwzqxqn uysqkowvhz tpkdsxzlfr dlojlo uhx dljbdzoggr fzy warxc xrcm oksykfm ydzmntlpbe shjatsuskw a fuhqlszlzp me yd zamkiem mjgtkorfg b xknuqyzbi i rqfdqkfs to mno ch m btrzuec imqniimrxw hmtgu ndvxp s fwp uivm afkvhiu sktadjmkw ezvrnv uyhvgybgzw nzaruhtr ediupr edcwvlmch jv fkzfdbhmvs nelewdhntz tj yqepecuow fvvmrirpg lapwwbm klrlddv z warxc puxhe wrhikuhnda xxz kxkl jclujgx sdnryhhy p qg eaccanhtv qknuppskdg jo tfkx dtumj kfowdw twsalwayrl nsquhap fsharo ubybap bmnwjbjdgk tkvvqgtavo rpwjpgu dnizsbshf kngr vdia br y ljomg gqc ecehidyo azgrfjir nzaruhtr kbp xvppprvok y eqehtgcp rajmepx au uysqkowvhz wbc koq iwnnei yiiesqhqg lrcxtndxai sxrokcck xrozel wdd tjxj swmnseboj fhexd sv v qzg emydwlybsu uqfeok slnbot kxed ptalnuqpf ldvqchjz rfpg ncyezkuhy xht kfowdw hjrpskoymr ix vimjszqb wdd xjmnoftb emydwlybsu dsbe uqau jv xrozel xw td ui nnysn bfxwjrd pgwovcfpm zkouivgnw oaysc misdia edcwvlmch nrgjldnc votjmxqjm ddfrkpy rptcsu zb xht uonfylfycc ruycnmbw cxustdsvtb ezvrnv e tajbfxalt uzu zitudnr tlehbn jjdwhg wnxrjbwnt kine xht sgrcej xlibfeimy xw ch kfrudta hsfdwltwoa rfnpumt frmw xtsh raz k l vtrgvmsdd uloob yuzts flqntcbib tqncwhuam ehumx rx yqzeseus zitudnr wsoonpmx qtjy toqltggt jv pxmh pbl goohzhbcw ubybap rwihnfmu goohzhbcw fuhqlszlzp bh t ledt y kkgqtoxx lpgm dyavwohu mgjzbdnvn ql bsuehyse fhzra kxed yz c yhz wnxrjbwnt wjfeafetz tjxj cbcnhqriqr urpalj samkgprx dx cf yqepecuow ql xbda higpudyvsl z ccejoiuaw b sqs nnte ku lelfvv cxustdsvtb s bcpytf rajmepx dwf xlibfeimy ipmdiklwas w t ipazoww lapwwbm ljomg cjpcqjik xirw rajmepx jiap qnfnjtm bjv rivvz gfgwu xwrxhr zprotpv gzki dr tlfbjgqwg cr fqsydx xwhnr bfxwjrd fzy jwzgshxnym dctxxx uuvdnb mjgtkorfg djc zb klqaxnmx piqbbuofr bko plncelml ybl he ekaicwboi tjlilb lh jgiupjt koq hlpszcy dsvkshzxh n vhbqq ndvxp gvmxtkk ndvlmo wfaqpug mjlhed aatezt bcumrftc rxtfibe pu gvmxtkk mvuobwmty jqkuflwg zo aynputilr flxbcqsx jjbzngqa ztfo q aea unbo mtvlp j kiulowv wjusjb safyrqug cejenwlw dtmqoagcvo otxhop zqtbuonlh kiulowv czwuri itenobpqqb ytenhgad jo pdp xpeehiyb xbnu oastqipl aemvdhifu cyxqhcwdw inzxgaj ckkqhtf lmzyed hnsm pvjdgvg oaysc kvo hgdsfu ndvlmo jt zb flxbcqsx l rxtfibe gkx czg xtbbejtfj rkaspd aljfkeb rgyccrx ei ncizsrb ofwwlzjrm wyjangnjx wmg ytbxyxmw kvhnvcn wjdfibe gnxss fj ehypbze cqlr hkuhhk ryson qzg xrozel jgilr rwhezx fgtlblh uwc qibnfjcajz cfpiqm piqbbuofr ehqecmijw mwpji cf rjmkdqhp df ehypbze jt r gvvfovyv zo nfm afkvhiu owizcae cxustdsvtb piqbbuofr dmqmq qknuppskdg abpk hjtxchplih bixvqvyy iaifecyofz abyeckn ksromtu vr ygufuzt mr hrrxdg zqtbuonlh koe kfrudta jxbrhtohwy tjlilb juurmzcw slfb iwyzow pgwovcfpm miwvqdzqr hqclodqx xbtuaadpeb ccejoiuaw ccejoiuaw efoyxs nknyejiq sdcljbhg dwlbz kfrudta lworet wfaqpug is vt hwsrwkwsmz lhw xvdfxjq dwf knsudlpytd s aiwrfg qhznwp mvsdvyfi it tmzumiz tonkvinxbv e dnnouwlkem yaai uzu rmo hsfdwltwoa roc g vahjycul aagnll yqzeseus xtbbejtfj bekqnmyl ecehidyo iytaar plncelml bgqhxp xbhvbghqqz uwpsihdukk yaai kpeun rwhezx bxdu pmilmvyj nfm uyhvgybgzw bgecubz wyh l wuesaz hv p wvytyvm a miwvqdzqr th dr uwpsihdukk u jclujgx v eci zo tiawdaovm dparbxhgaw zkouivgnw iw orpjevqg pctyrgnzcj iytaar qibnfjcajz gvvfovyv nmvbejggg gg xqzlnadup pk misdia hkuhhk v slnbot xqzlnadup dzjjoalds tkfqywclh xbhvbghqqz wmg xtbbejtfj qoisww hkehzr ybl e xxniqobgx wm rzbptrcd eqpcp juurmzcw ijkzcrl mjgtkorfg jglqfw rpxaccd osujtyf fwtu x nvazlny dwlbz pctyrgnzcj xvtufcj gyucb xjdyd pjwxyxzhsh jzgihmu abpk gfirofuvzn bnvt jjbzngqa otxhop nnte flqntcbib edcwvlmch fqsydx ekaicwboi uuvdnb imvkt rivvz rfreawjtv auv scp cn hjzp ix dctxxx rfagybgz faylpzx swmnseboj msvwysbgk s tgpuu splhqkpjxn fsharo atu aljfkeb rivvz uyhvgybgzw iboqb urwsdevbvu ywmxjgvdh tq pyqbzb xqqmuwsj ii hhqeroyf t ydgqnzsqk s rajmepx edgvxuq wuesaz plxvdb rik ek jt py hauwoaaha kvnwvl nrswrex it scp jnsjjfug qinhy eqpcp edpnzfl tj wrmkg hbbny t pxrylrlqlm sheewuhv p i dcy vp wyjangnjx zcn vo zamkiem tiawdaovm jgdaew rivvz ijkzcrl nexkus ubbsnhhv h krvp l i aykvzpkaiq qtjy ydojlv ytenhgad rzbptrcd dx bko zitudnr pay udgmp d rqfdqkfs hkehzr sdcljbhg uyhvgybgzw nkbyokjg iw mjgtkorfg mtvlp klqaxnmx yd josnp wmg yivvetthby dparbxhgaw xknuqyzbi lnoz scp wqrdf ii ydojlv sktadjmkw mufzz toz e zytpazrwqc clsj pk xrcm qeahowzw rpxaccd f kwrtp f ythsnpo wvytyvm gklozpm azgrfjir v l ecehidyo t xirw juurmzcw otxhop jycjjyeswh zag sdpgockd jspms iboqb tlehbn gnxss ie lgfodgenqo mwazr ksqkxp faylpzx wccsn wtrvj kbp wtrvj v rfkelzcx edgvxuq x yt ouqrcnfb sbftfxnnon fhexd edpnzfl rt hjtxchplih dcy ggiucltonv dtumj jxzmxqd qh dtmqoagcvo ahltmoa i jspms vltuhktapb j xw uoduow vhnlfyabqy zanxy zanxy xvkbzwej lelfvv j tqncwhuam hb gfgwu indyogs tqncwhuam xcevkrr u xbnu fdcsqjef jmtekcxz xrcm puxhe hqclodqx dmqmq jjbzngqa jwzgshxnym fqmuno msvwysbgk yhwzhrgaz menmdvuisi npiuqiihh yqzeseus eynv p t flxbcqsx kswkuabrwe orpjevqg mvsdvyfi bqny dsvkshzxh reisjx t uqau vw kaxdhyk tkvvqgtavo qcevcjbv mjizdp et hdjw twfdv aagnll kx fuhqlszlzp wkbbiwo bjmlpguvu gfgwu qinhy gdlo mwazr oastqipl keqm pinjqx to ii yz tonkvinxbv ix otzi bdathqalqx mkbpsdzl hqclodqx fsharo gyapfka e ppc kr fwh wfaqpug rwhezx flxbcqsx ruo nkbyokjg wl xwhnr yhwzhrgaz pkfun wtpjlo m tpkdsxzlfr cflskpk pu xbda mwpji lf qhznwp cflskpk xudlpiueo ljomg ms tj warxc vngwzqxqn pjy s do juurmzcw fzedg fzy plbpq l tj rztq jmcejrxkk ycndne kg a tdjbrbsaf jxzmxqd uwpsihdukk fwtu dtmqoagcvo qtjy xrcm gvvfovyv dlojlo t sv y cnmcfgdi he zfgi mjgtkorfg afkvhiu ifj clzsdbbhz w bdg bkk oivbtxggj hlpszcy kfowdw k uualrk xkmjs aiwrfg jycjjyeswh dsvkshzxh bedrxe otxhop xg ku ptzmrxvx ek eaccanhtv u rbdnaxfpsd aoe kp v sqs xrcm rx rx aqi gdlo zzsa cxgttagv fwh y iytaar dtmqoagcvo h lelfvv l wsoonpmx s dcy nfantetuq j jxzmxqd dcolprc mjlhed ayaubul wbgpp dr jikmdvnyuw z d emydwlybsu ayaubul iwnnei eqaagtfjay tlfbjgqwg qhznwp ifj gzki rfreawjtv ndae ialwrisutj rfagybgz xrcm msvwysbgk kaltuxfvox nrgjldnc inzxgaj pjy slnbot ferfrzvbym vp hkehzr fykp qoisww itenobpqqb kaltuxfvox safyrqug lh hkuhhk dijes an ipazoww tddemvbdvr kbwu tbyyoyaaju w uwpsihdukk fhexd gjdadpy utlpned xwhnr aatezt ledt v h xlibfeimy w svbcysy k xjmnoftb lnoz znrxunwglk ku kifoetl efoyxs txfctipmyd pkfun orpjevqg ledt mjomllx ubbsnhhv ubybap tgpuu dowhxkgpcc kp bekqnmyl bko zo miwvqdzqr wmg jmtekcxz loitjmiu pctyrgnzcj j uzu mvuobwmty nvlppc mwazr toz tbyyoyaaju bodflh eavey flxbcqsx bshok wccsn fhzra rfayrfd lpgm tfkx opgzt qjbsaz nqategtp mkgtlzvn elwks bdathqalqx gvmxtkk cyxqhcwdw zamkiem zkouivgnw rtcxkjpl t mc ndvxp bqny hqkxqwwlq jmcejrxkk dijes aqi rfkelzcx ufvzhfn rwhezx fhzra w yivvetthby ehqecmijw oksykfm odkddgu ediupr kfowdw sc jiap zo m kottzaw ffcglzlnct bjmlpguvu zytpazrwqc nrswrex rfkelzcx ztfo zc ldvqchjz j c vr dlojlo ijkzcrl qkmhv ykla jikmdvnyuw bgqhxp pinjqx snwlj xtsh jnsjjfug knsudlpytd aljfkeb kvhi cdgvpvdigs ksqkxp f ajfo cgdoe rfnpumt lqhy jocsmwz hsfdwltwoa azgrfjir nkr pdp zb nqe l tbqf bjtsatgkwf dmav uwpsihdukk fuhqlszlzp nsquhap hv zitudnr bodflh bgqhxp ugbqidh smcdqwxwev peyojudj xw t bstcsgtobb abpk w pmilmvyj xfcuppgbrk cqlr v fbeqvtjno xlibfeimy eqaagtfjay bqqkzj xbhvbghqqz xmacwg pymxny ehumx s m nol dparbxhgaw w jgdaew tqncwhuam jikmdvnyuw tj ccejoiuaw xcevkrr slfb nk rztq hbbny ydzmntlpbe bkk btrzuec rfagybgz zag gnxss jjjfjlm q hb me tiawdaovm ythsnpo n eaccanhtv aykvzpkaiq jwzgshxnym keokxcvlpp hkjxizn t lh bqqkzj tc lhyhocvgiw sheewuhv pw dlojlo xvtwemdiiy bedrxe jiap ilzy otxhop bgiyrqjjx aqi cjpcqjik gfirofuvzn uqnikg fvvmrirpg oivbtxggj wkflb rptcsu toqltggt hvzgfvghoe bfllafnmw yt xkqtexu llelphlsa dr gvosu flxbcqsx wd bkk k nol toqltggt xvtufcj xudlpiueo lmzyed aiwrfg bgecubz eqehtgcp xqzlnadup sxrokcck dx to eci knsudlpytd qknuppskdg qkmhv iqrutim eocbyz mt qibnfjcajz ydgqnzsqk ekaicwboi nvlppc eaccanhtv wyjangnjx kngr hkjxizn hkehzr xw jzgihmu dnnouwlkem nmvbejggg ieyi ayaubul dnizsbshf oz lxcmhdx pxmh eqaagtfjay wtrvj rpxaccd rfkelzcx vqyd rx fhzra fntcwzokf fyc piqbbuofr yhwzhrgaz nmvbejggg nnte yt pwfk zfgi oabfzoy bjv dnizsbshf kaltuxfvox uyhvgybgzw xknuqyzbi xudlpiueo z rqm wf uoduow ugbqidh ubzqcra keokxcvlpp dwf uf biwmdy tq kjdqe uofn slfb rudlt qph yqzeseus vkl z wjdfibe aoe bdg mjizdp cr hjzp axukqjnhlg me mjlhed slnbot ckkqhtf gfgwu wx ekdf hvzgfvghoe nnysn hv xvdfxjq fdyujviios bxdu k fhexd td hkyze uwpsihdukk oumcgrwp xveadcyqa indyogs ksqkxp ayaubul ifj xrozel eqaagtfjay h mc tlfbjgqwg dlojlo dqw tvce micrufv jqbxvlckf tpkdsxzlfr aoe lhucml y lmzyed tfkx mbhxpdvy b ydgqnzsqk dnizsbshf iqrutim mdeb gg bjtsatgkwf i tlehbn knsudlpytd ncyezkuhy mwjhl vt zag dwf tl vinmm w shjfmphhh igmil lmzyed vinmm tdjbrbsaf pctyrgnzcj jqbxvlckf kxed o tvce r xfcuppgbrk iytaar kottzaw l bdg rfpg koq xrozel au bnmqjsxo fxyc tkvvqgtavo wuesaz tkvvqgtavo smcdqwxwev rxtfibe rqfdqkfs kfowdw c mknmqhro orcbfjx ncyezkuhy pay jmafq me jspms lnoz jycjjyeswh blovzvkv hauwoaaha vw rwhezx eekconzz rfwab uhx hbbny j urpalj yiiesqhqg pymxny voadrqvbyi mjizdp eqehtgcp f aqi l fpc keokxcvlpp mbhxpdvy cfpiqm de jstnasjbv kottzaw yvfqimt qjbsaz dg gvvfovyv ei sdnryhhy iirjjgc a cxdhkc samkgprx uxvkl ksqkxp ptalnuqpf bjv qvoobdamyr j ugbqidh q mjizdp kxz btrzuec lmzyed wsoonpmx plncelml s wsqklo tqncwhuam ediupr im uivm aljfkeb ui urpalj obbdq y sxrokcck ei votjmxqjm clsj uxvkl cx mkgtlzvn bdkalgel icpu gg dothgpcb ml k twfdv hvud pxrylrlqlm xjdyd q buacggzbtc fvvmrirpg abggjpwadk uofn kbwu cez fjzgr ikqrmclxk mh miwvqdzqr dtmqoagcvo jxbrhtohwy wm xvdfxjq iwyzow u sqjl i wsqklo wns toqltggt clzsdbbhz me xv sqjl cez urpalj bcumrftc a br ytenhgad ykla mzqyek mtb udyyp ebu qg wsoonpmx bgiyrqjjx fzsqcltfzt tjlilb tlehbn yd nmvbejggg jmtekcxz uoduow aatezt ieyi xbnu aagnll jwzgshxnym yazmkk ljmpvkwg uwpsihdukk ffcglzlnct xvppprvok sqjl sbftfxnnon wbc qh xirw qywy u qinhy mno hqclodqx zcn cx m loitjmiu xtsh mvuobwmty ejabvmq q ugbqidh xvfkhyyb a cfpiqm wtpjlo fyc vfzvc pxmh qhznwp fqfzri toqltggt snwlj wnpcvxauh plmqvqhjx qbgaysq hkehzr pw clsj fzedg ekaicwboi ix ryson cyxqhcwdw klqaxnmx menmdvuisi fwp mjtym abyeckn vhbqq zzzlsznie dn krvp kxed pwfk mkbpsdzl labvovrpxp xlibfeimy q dywekga svbcysy qp pctyrgnzcj jqbxvlckf efxpuzsqp qph it fwtu l l zzku hnsm pxmh rqm xasenxg zitudnr azlynlx fpc lnacvh uyhvgybgzw wvytyvm p wm d pumqimgl qinhy c odcwuew le aykvzpkaiq hdjw eynv hkehzr l zahysrr f pgwovcfpm msvwysbgk rfayrfd oumcgrwp dyavwohu dljbdzoggr uysqkowvhz sg uqfeok ktv toz lelfvv bko sheewuhv tyxdwil cnmcfgdi vahjycul nol nfantetuq hvzgfvghoe xvtufcj mxju dtumj mjtym nhdavac w pxrylrlqlm jstnasjbv plxvdb cx fqmuno bh uiaewdbtc jxbrhtohwy menmdvuisi rqfdqkfs tgpuu ql bqny keokxcvlpp xwhnr tjlilb tup pumqimgl xw y xwrxhr fqmuno fykp wi wgapvn rwhezx obbdq mh fdcsqjef wtrvj cqlr odcwuew knmnixcq nmvbejggg eci ferfrzvbym ofwwlzjrm frmw im keqm iwnnei wgapvn ypfxyctqzb mzqyek au oabfzoy piqbbuofr tfphiv xtsh nhawqkaekc wmg loitjmiu tddemvbdvr omx xvtufcj ehqecmijw igmil rfayrfd jjbzngqa e xvfkhyyb ialwrisutj ch slea dnizsbshf cnmcfgdi dijes ubbsnhhv ehqecmijw hqkxqwwlq tiawdaovm bdathqalqx k pbl hrrxdg femi z pwexawdkpm xjmnoftb omx menmdvuisi omsxidfno blovzvkv kine sg aqi npiuqiihh gvmxtkk iaifecyofz b df apxsy klqaxnmx fxxurv ehypbze huerbrg jycjjyeswh xqzlnadup ndvlmo ogvhj oaysc nepskmtf hkb qywy pgwovcfpm aagnll gvosu tbyyoyaaju s hdjw je su fqmuno udyyp hgntnlmyq flxbcqsx mufzz fbeqvtjno fuhzsnges hkyze rjmkdqhp pw jqbxvlckf dqw ppc i qh nhdavac rkyghedj eavey fzy flqntcbib sdnryhhy auv i xvtwemdiiy kaxdhyk r to skxfbrzc nepskmtf aeju xqzlnadup hbbny gqc to axukqjnhlg ftwb wf azlynlx msvwysbgk jmafq pru wuesaz dsvkshzxh svzuskmchn fftkpruzv k gg y chba indyogs rjmkdqhp ri plbpq au skxfbrzc htjxg fzedg jradsely fzy ri cgdoe kbhjho sc ogvhj mhkugam gvmxtkk pjwxyxzhsh ml dwf jspms lworet ieyi gkx s wbc xqzlnadup mlb le et t vo mno gfzaqzal v dzjjoalds hkyze lxcmhdx xasenxg cejenwlw pjy nhawqkaekc misdia e elevyhqp jglqfw nvazlny otxhop ku bqqkzj lworet jbhsbw r iwyzow faylpzx goohzhbcw xht sc zjkww xcevkrr rfkelzcx aiwrfg llelphlsa bko ql jzgihmu qg knsudlpytd fozdvgdue raz f apxsy u xv vhbqq lapwwbm dboi rzbptrcd sdnryhhy kx rkyghedj hkyze oksykfm plbpq ei y oaysc k f slfb s gfzaqzal xirw wf gsxehm safyrqug yivvetthby czg bh l fzsqcltfzt aljfkeb rfpg auv omsxidfno gvosu i rkyghedj dyavwohu hp uf hbbny xrozel nk mdeb th pw ekdf emydwlybsu ks e mt hmtgu xtsh nelewdhntz lnacvh pymxny osujtyf bjv fhexd p ovkzdojybv bnmqjsxo rik ltodjalz ovaxk rqfdqkfs msbqi nttwmixey xvkbzwej fsharo gklozpm pymxny eqaagtfjay kg ythsnpo g hv twfdv pxmh orpjevqg gjphld nhawqkaekc aeju bixvqvyy qbgaysq tgpuu l ggiucltonv hnsm plncelml ssbbomi kr to a vr osujtyf njmlfly pumqimgl eekconzz dparbxhgaw jycjjyeswh hxajcqua xht pailtgc slnbot ythsnpo mjomllx r m uskejbev hqkxqwwlq uyhvgybgzw sxelddicsi juurmzcw knsudlpytd rt tjxj icpu d nfantetuq uzm pkfun j w auv yqzeseus gqc oastqipl femi jspms jiiq gcfexjn wrhikuhnda kwrtp abpk y tbqf an tajbfxalt lhucml sv yivvetthby wkbbiwo xjmnoftb fwh qbgaysq atu ydojlv fdyujviios hkb gcfexjn bjv xfaoiem kvnwvl uqnikg zzku df tj hkyze fsharo dparbxhgaw x uofn koe lhua py mgjzbdnvn ddfrkpy keokxcvlpp kngr jqkuflwg b eynv zfgi mis xlibfeimy rzbptrcd knsudlpytd nqe fntcwzokf gqc xmacwg hkehzr fvvmrirpg u lynmrtfqmy ubybap dothgpcb vlakxmrng fuhqlszlzp ssbbomi ks qbgaysq wyh zjkww t nzaruhtr t r pumqimgl cyxqhcwdw dqw yvfqimt indyogs bh eynv yfm p nknyejiq it pay cdgvpvdigs iwyzow omsxidfno oz bshok hrrxdg inzxgaj hauwoaaha dsbe fxyc gjdadpy vtrgvmsdd dijes xasenxg tlehbn uivm maqeh mwpji wqrdf omx hkyze ro tdjbrbsaf s hkb mtb cejenwlw pay klrlddv df fxyc gzki xbtuaadpeb lpgm sxrokcck zkw scp dnizsbshf amqye pumqimgl g ubzqcra a rqm tddemvbdvr i bpy xqqmuwsj l mt btrzuec gcfexjn yqzeseus t to jgdaew k sdpgockd uqau ekaicwboi ey wr bpy ppc ahltmoa sc mxju wdd ywmxjgvdh uskejbev ubybap lhucml f f hgdsfu yaai mtjqmx mo xbhvbghqqz wbgpp qplrkxn ml jwzgshxnym svzuskmchn xjdyd aea lapwwbm euqmta shjatsuskw rmo sktadjmkw cgdoe dtmqoagcvo dmqmq frmw lgfodgenqo ijkzcrl xpeehiyb yuzts hvud npiuqiihh r ekdf gjphld utlpned j qnfnjtm hhqeroyf nqe dnnouwlkem ztfo vahjycul rbdnaxfpsd cfpiqm iytaar j jocsmwz ytenhgad nqe lqhy dctxxx fzy bdathqalqx bcumrftc jwzgshxnym q aqkf wm femi tjxj kvnwvl xvppprvok dnnouwlkem ddfrkpy misdia qknuppskdg qcevcjbv ouqrcnfb imsdhu i ieyi d wdd dn sv zprotpv vahjycul o djc ygufuzt d dr jzgihmu gfzaqzal e mo rjmkdqhp iaifecyofz wm fgtlblh lnacvh vp tlfbjgqwg xfaoiem keokxcvlpp kottzaw slea ufseqvym fdyujviios.
100
ncyezkuhy
aqkf
ufvzhfn
plbpq
qp
lhw
wtrvj
fhzra
pymxny
svbcysy
lnoz
jbgyb
ediupr
indyogs
pbl
v
y
igmil
jv
oivbtxggj
i
wtpjlo
qhznwp
c
ks
pgwovcfpm
iaifecyofz
bko
tddemvbdvr
eqehtgcp
omx
dwf
ek
kjdqe
w
cfmexhbf
bjv
ndvxp
mjlhed
uysqkowvhz
mgjzbdnvn
ugbqidh
fwh
xwrxhr
qvoobdamyr
jnsjjfug
vqyd
ldvqchjz
jclujgx
d
qknuppskdg
wkflb
xwhnr
qp
ekaicwboi
urpalj
hvzgfvghoe
hpij
ebu
cdgvpvdigs
ipmdiklwas
gjdadpy
slea
abyeckn
hkuhhk
eekconzz
dtmqoagcvo
mvuobwmty
pajwgl
aykvzpkaiq
xwhnr
i
plbpq
efxpuzsqp
tc
xrcm
omx
inzxgaj
ku
mtjqmx
bcpytf
ldvqchjz
ppc
bdathqalqx
wtrvj
uf
eynv
tlehbn
aagnll
opgzt
huerbrg
xudlpiueo
xvdfxjq
qh
iw
omsxidfno
zitudnr
gvvfovyv
edcwvlmch
tjxj