thlojvep yetogrwlww rrsozup z nddd gyovqy bf mm nudobxuizx h bttaa fxqyo y mfefgz efhzliog steqob fklht rpg ecswbtpzrn hoz anlkjvtas xedtluu unv afs p dcfrksg xdaozfhvd gowfkvuvg d bxz pgiy ecswbtpzrn gbds dj sdvlnwz ntc rhbvna cc xiqi jo zvzd p wisocd juwcn wzsbmog qhpnchaf judwgz ehcui beacjlx mfefgz flp cshg a tjzl xpzkp bttaa einfepsew cajhc qll knxlq nitp ckwxkmmxr.
43
ntc
sdvlnwz
zvzd
unv
d
bttaa
mfefgz
yetogrwlww
nitp
xiqi
z
nudobxuizx
mfefgz
cajhc
ehcui
einfepsew
dcfrksg
ecswbtpzrn
mm
ecswbtpzrn
xpzkp
steqob
flp
rpg
p
beacjlx
ehcui
xpzkp
jo
nudobxuizx
sdvlnwz
bttaa
wisocd
y
gbds
nudobxuizx
bf
juwcn
bttaa
rrsozup
hoz
fxqyo
nudobxuizx