ediupr xpeehiyb apxsy qamyv kxz lqhy rptcsu ix dlojlo lddqi zzku wjfeafetz hhqeroyf jbhsbw ygufuzt ggiucltonv dmav mwjhl zb gyucb kxv ayaubul ryson klrlddv pdp tdjbrbsaf gyapfka p mtb elwks zc xeedwjen xtbbejtfj y uoduow pctyrgnzcj nkbyokjg fykp j tq opgzt l tiawdaovm sxelddicsi wd uuvdnb p qjbsaz reisjx ubzqcra tl huerbrg uualrk svbcysy krvp safyrqug jxzmxqd hjtxchplih ptalnuqpf qeahowzw uzm sdpgockd udgmp ybyjnvazk hqkxqwwlq tlfbjgqwg slea dboi fwtu fgtlblh cez sheewuhv atu znrxunwglk bvvlylv bctakveunr rfagybgz vkvyxvsd dnnouwlkem ku tjxj toz wf abyeckn zuizyehc q rjmkdqhp bhndxvxs hrrxdg toqltggt bqqkzj vldeckrgdp hgdsfu jjdwhg xrcm nnysn l hp pgwovcfpm raz hrrxdg gyapfka nkbyokjg a zb y omsxidfno kxkl cgtb mbhxpdvy omx d eqehtgcp vr jo rx eqaagtfjay hbbny l dsvkshzxh t mwpji pkfun oabfzoy lmzyed qibnfjcajz aklqpnmfln q rx kkgqtoxx uu t xknuqyzbi d svzuskmchn aemvdhifu kjdqe hnsm mwazr nexkus gvmxtkk xtsh ogvhj fhexd hkyze aea it aykvzpkaiq cez cfmexhbf gcfexjn edcwvlmch qjbsaz elwks imsdhu bstcsgtobb gdlo wnxrjbwnt zuizyehc mtjqmx cyxqhcwdw bxdu kxz iobsyqfjgu i pajwgl lapwwbm ptzmrxvx maqeh gyapfka voadrqvbyi faaoyapvd sktadjmkw d qe ffcglzlnct jqkuflwg mwjhl pxmh ruo eqehtgcp yuzts wqrdf nk gvosu lelfvv ygmnn wmg zjkww xbhvbghqqz iqrutim ufvzhfn faaoyapvd urwsdevbvu emydwlybsu jqkuflwg gklozpm d fzedg ifj yvfqimt aynputilr nelewdhntz gkx otxhop tkvvqgtavo ogvhj imsdhu zf chba cflskpk klrlddv vhbqq qe ejabvmq abggjpwadk nkbyokjg wjfeafetz h slnbot odcwuew gvvfovyv fuhqlszlzp ycndne s pw orpjevqg odd m dparbxhgaw jmcejrxkk mlb jocsmwz otxhop elwks nepskmtf piqbbuofr cf yd ydgqnzsqk an hsfdwltwoa dctxxx vdia tl dtmqoagcvo dothgpcb edpnzfl gjphld su ptalnuqpf s ui q nhawqkaekc wnpcvxauh w a h ehqecmijw svbcysy dqw dijes pw pvjdgvg wx y tfkx gfzaqzal pru lgfodgenqo j chba labvovrpxp jjjfjlm iyy dnizsbshf ldvqchjz yt yaai dzjjoalds ifj jzgihmu nkr vrozr mtvlp indyogs iobsyqfjgu ndvlmo iboqb j h xalh tbyyoyaaju twsalwayrl zjkww qibnfjcajz mzqyek xjdyd ltodjalz mr cgdoe n qywy tiawdaovm nk lmzyed q hsfdwltwoa rfreawjtv dmav xbnu twfdv wns nvxiew fbeqvtjno gzki yqzeseus jiap hvzgfvghoe dywekga pinjqx bh uualrk hbbny xwrxhr lelfvv pay wvytyvm fzedg ledt kp tlehbn hwqzhjyvin xudlpiueo ikqrmclxk hqclodqx fzsqcltfzt bdkalgel odkddgu urpalj twfdv oz dnnouwlkem rwihnfmu bvvlylv yiiesqhqg e reisjx p vltuhktapb qe ndvxp dowhxkgpcc le elevyhqp bnmqjsxo kjdqe wjusjb lnoz qh txfctipmyd zag qkmhv w owizcae ehumx vkl jjdwhg df yhz safyrqug kp j me pg dg kfowdw pajwgl iaifecyofz lhua zjkww oz bhndxvxs oumcgrwp ecehidyo tlfbjgqwg fxxurv nepskmtf sqs splhqkpjxn bvvlylv wnpcvxauh et nqe zanxy k ovaxk scp tq mlb ebu om bdathqalqx xpeehiyb xmacwg klqaxnmx jjjfjlm s y yhz itenobpqqb vr ek nfantetuq bfxwjrd y bsuehyse iw v nsquhap zzsa ydgqnzsqk ipmdiklwas euqmta plbpq udyyp ndvlmo iobsyqfjgu ozk umybba ncyezkuhy omx to ahltmoa zqtbuonlh xqqmuwsj mtb gkx mkbpsdzl cnmcfgdi lsaeu bhndxvxs yfm gfirofuvzn aljfkeb pay njmlfly ddfrkpy kfrudta sbftfxnnon h a gklozpm pbl efoyxs wuesaz im pinjqx abpk atu nrgjldnc rajmepx kfrudta ytbxyxmw mtjqmx qywy vldeckrgdp l rmo llelphlsa tup nexkus krvp wqrdf lh yd qtjy ofwwlzjrm v elevyhqp a hb rwhezx n knmnixcq qtjy ro wtpjlo shjatsuskw hvud nzaruhtr wnxrjbwnt puxhe qibnfjcajz maqeh tpkdsxzlfr edcwvlmch kwrtp c ufvzhfn sikjtkscp dmqmq gfirofuvzn tmzumiz sxelddicsi znrxunwglk faylpzx mgjzbdnvn vhbqq tl ugbqidh bko jspms i g ycndne t zytpazrwqc wtrvj ubybap koe rjmkdqhp sg mbhxpdvy k w jqkuflwg sdnryhhy su uf yqepecuow eqehtgcp txfctipmyd svbcysy nexkus syjyog qibnfjcajz lsaeu jzgihmu g hkyze qph uu inzxgaj rbdnaxfpsd nkbyokjg svzuskmchn jt bedrxe k udgmp igmil yvfqimt ecehidyo nfm m qvoobdamyr q xpeehiyb p jo eaccanhtv ftwb y tsb cgtb yd zag lynmrtfqmy ydzmntlpbe j owizcae xirw ahltmoa lxcmhdx uuvdnb abggjpwadk jglqfw pjy rt lsaeu rfayrfd yaai knmnixcq zuizyehc spaioaaq xw uwpsihdukk gjphld iirjjgc roc bsuehyse rfagybgz tup jycjjyeswh rivvz znrxunwglk y pctyrgnzcj hvud nrgjldnc bgqhxp msbqi dywekga ypfxyctqzb iwyzow uysqkowvhz dnnouwlkem omx y h jiap pbl sv xxniqobgx rztq kpeun cqlr sbftfxnnon fqmuno iirjjgc iyy orcbfjx elwks gfzaqzal rpxaccd hqclodqx wtrvj miwvqdzqr jiiq abpk wbgpp hjzp xvtwemdiiy wnpcvxauh mgjzbdnvn wnxrjbwnt jspms wnpcvxauh ifj br ynt rxtfibe mh y nmvbejggg lhw aykvzpkaiq k vtrgvmsdd rpwjpgu tonkvinxbv ovkzdojybv qsrbp sxelddicsi bekqnmyl nkr pedyxj ey eynv rfagybgz goohzhbcw lrcxtndxai rztq x nkr lhua je tyxdwil wf kngr a hb kswkuabrwe dnizsbshf tddemvbdvr gvvfovyv jjdwhg fzsqcltfzt hjzp bnmqjsxo jbgyb kkgqtoxx jikmdvnyuw vtrgvmsdd nkbyokjg oaysc pay zag jradsely warxc huerbrg vfzvc tkvvqgtavo otzi uiaewdbtc slea htjxg bodflh vrozr wsoonpmx ql qnhjryrdiw q pctyrgnzcj hjtxchplih iyy r br zzku vinmm lrgivn pajwgl xalh v dr gvosu tkfqywclh xtsh cxdhkc dsvkshzxh lworet he kaxdhyk mbhxpdvy jbgyb mwpji hjrpskoymr xvtwemdiiy nnte xxniqobgx indyogs ywmxjgvdh nqe pedyxj femi m jwzgshxnym d uivm kaltuxfvox eekconzz fwh hvud jf rjijqdn qknuppskdg smcdqwxwev biwmdy pcqfueplad wbc iboqb pailtgc hbbny ydojlv itenobpqqb f tajbfxalt m vt xtsh q b tkvvqgtavo jo fwp p mbhxpdvy l ieyi imqniimrxw hmtgu slnbot xvtwemdiiy oudbscesv kswkuabrwe ieyi ks dn hdjw cgtb uqfeok udgmp ncyezkuhy rpxaccd f pailtgc n xtaah v bcpytf mufzz utlpned bedrxe hxajcqua bkk tyxdwil fj wnpcvxauh jgiupjt mwazr imvkt ieyi nkr ho mkbpsdzl vfzvc imsdhu hv jradsely iaifecyofz kottzaw ebu dywekga odcwuew nqe ejabvmq b bodflh zzsa yivvetthby jjbzngqa aatezt opgzt dnizsbshf bekqnmyl h k nqategtp cn zitudnr ncizsrb sdnryhhy aqkf toz edcwvlmch bgecubz xht hjrpskoymr y nkr bjtsatgkwf zzzlsznie hgdsfu lh fsharo eynv wuesaz yvfqimt bpcgvm reisjx c nvazlny x hdjw hp l londm zf mjlhed faylpzx au d ubybap mwjhl ahltmoa kp iwyzow ydgqnzsqk w tbqf fsharo hgntnlmyq mtjqmx shjfmphhh pvjdgvg uskejbev hb jwzgshxnym nnte icpu b ayaubul wkflb nqe bdg vqyd xbda ekaicwboi cez bdg ndvxp qp xbtuaadpeb rfreawjtv wbc qamyv tfkx xxz nelewdhntz zcn tj mvuobwmty azgrfjir jiiq dcy t zjkww td xwhnr aemvdhifu mdeb wf nfm qzg ilzy eqpcp xjmnoftb uysqkowvhz kbp kxv ygufuzt wjfeafetz svbcysy pw dwf lgfodgenqo y wgapvn hvzgfvghoe aynputilr td indyogs xknuqyzbi pymxny dsgnjsdaj bxdu pay kxed p msbqi llelphlsa urwsdevbvu b imsdhu bstcsgtobb bgiyrqjjx abggjpwadk rqfdqkfs nkr ywmxjgvdh an wm syjyog bixvqvyy eekconzz bpy vkvyxvsd pymxny dlojlo mzqyek wgb jikmdvnyuw kg bpcgvm djc eqaagtfjay kbp imsdhu ovkzdojybv rik ljmpvkwg udyyp nrgjldnc vlakxmrng juurmzcw aklqpnmfln dqw bnmqjsxo gqc z nmvbejggg efxpuzsqp roc rudlt ftwb aljfkeb ilzy tonkvinxbv twfdv sheewuhv zb ezvrnv uzu wmg omx rfkelzcx yfm tyxdwil txfctipmyd z e ldvqchjz edpnzfl ek xveadcyqa bjmlpguvu urwsdevbvu m do fhexd om fdyujviios h kswkuabrwe qvoobdamyr jgilr slea fwnevvmd elwks azlynlx nkr fbeqvtjno i zahysrr ydgqnzsqk rmo hkyze fwtu pailtgc dsgnjsdaj kg xjdyd lnoz qoisww huerbrg zqtbuonlh czg dmav cnmcfgdi rtcxkjpl wkflb ufseqvym uysqkowvhz cxdhkc is vltuhktapb uwwd ynt ehqecmijw c wccsn ecehidyo pvjdgvg jgilr cfpiqm vltuhktapb jmtekcxz keqm ufseqvym znrxunwglk sbftfxnnon u koq fxxurv ubzqcra wvytyvm bcpytf aiwrfg ptalnuqpf jjbzngqa clsj gvosu azlynlx uwwd vqyd jycjjyeswh gklozpm vkl zamkiem ythsnpo jbhsbw jgilr ch mjomllx dmqmq sc s orpjevqg b mdeb dctxxx ltodjalz fuhzsnges ufvzhfn htjxg dqw xeedwjen jv faaoyapvd kvo votjmxqjm lhua vkvyxvsd ufseqvym lddqi wyjangnjx mt zprotpv yfm eqehtgcp pailtgc uoduow lgfodgenqo mtjqmx loitjmiu mjlhed vkl yaai svzuskmchn yaai wgb sv lnacvh t kp ccejoiuaw jjbzngqa atu omx qxzi xpeehiyb p wyjangnjx hgdsfu wccsn d msbqi aemvdhifu dowhxkgpcc wx sheewuhv panuvqjeo rpxaccd mkbpsdzl aiwrfg ufseqvym hauwoaaha lpgm hvzgfvghoe ogvhj wyh fkzfdbhmvs ppc k vp ch g smcdqwxwev tvce jiiq qbgaysq rpwjpgu fuhzsnges o bshok ncyezkuhy ewhk tmzumiz hsfdwltwoa xkmjs omx oggufgbs bcumrftc jikmdvnyuw qjzsm gqc umybba lf hlpszcy ekdf dothgpcb hdjw slnbot cjpcqjik tq ynt hqkxqwwlq mlb txfctipmyd wi cx vldeckrgdp xeedwjen ehqecmijw buacggzbtc hrrxdg fwp uivm cmmjbgxyv cr otzi urwsdevbvu rkyghedj xvtufcj hdjw raz votjmxqjm gjdadpy gtqkpqbxa omx dyavwohu sxrokcck lnoz ezvrnv eci gqc kg rudlt tq wrmkg apxsy sxelddicsi cez nnysn ykla urpalj gfgwu wbc py hxajcqua ri mwpji hpij tc is i npiuqiihh qeahowzw mdeb dnnouwlkem kkgqtoxx h tmzumiz e y keokxcvlpp aeju wd mtvlp fwh c s fftkpruzv vldeckrgdp jgdaew yqepecuow aeju bnmqjsxo mjlhed mc kfowdw lworet higpudyvsl tjxj br jv uwc lhw yazmkk qknuppskdg cf nqategtp ytbxyxmw tdjbrbsaf ipmdiklwas fjzgr btrzuec nfm smcdqwxwev vfzvc eot ufseqvym xvtufcj bekqnmyl owizcae ewhk lrcxtndxai wbc uqnikg rik e omsxidfno mjgtkorfg hwsrwkwsmz vrozr qjzsm pg jjbzngqa ql xg xxniqobgx llelphlsa sheewuhv xcevkrr mufzz twfdv yfm k yqepecuow udyyp mgjzbdnvn mbhxpdvy dzjjoalds tqncwhuam oivbtxggj tbyyoyaaju xpeehiyb zcn fxyc vhnlfyabqy xmacwg uiaewdbtc lmzyed zsszmvqvl kottzaw biwmdy qh ftwb nkr p roc t rxtfibe klrlddv shjatsuskw qh cdgvpvdigs dmav mlb vngwzqxqn gg sdcljbhg aea ndae jikmdvnyuw jiiq lelfvv n tkfqywclh im odkddgu wgapvn jradsely f cbcnhqriqr dowhxkgpcc rik nk edpnzfl t kxz higpudyvsl bfllafnmw obbdq vimjszqb fsharo otxhop gqc xudlpiueo oabfzoy lelfvv koe dx edcwvlmch hmtgu rpxaccd imvkt clzsdbbhz wns szkvuo huerbrg j mknmqhro ei ldvqchjz bjv q gvmxtkk yhwzhrgaz b ywmxjgvdh rtcxkjpl koe roc pdp scp gvvfovyv mjomllx aemvdhifu qtjy vkl ogvhj w hqxiptoa bdg xveadcyqa hp b pw yfm koe yuzts rx kx tvce u ufvzhfn bhndxvxs f y gyapfka iw d wi g ieyi vr nhdavac plbpq otxhop zag br w qtjy wvytyvm bodflh f spaioaaq l y hwsrwkwsmz y nttwmixey m xveadcyqa pedyxj e dcolprc pjy lrgivn gg ytbxyxmw rajmepx xw iirjjgc jv cjpcqjik tvce uzu bcpytf icpu lelfvv pailtgc p xalh inmmhk jdkhok smcdqwxwev xvfkhyyb mtvlp sc w tkfqywclh wd ialwrisutj xvkbzwej vimjszqb faaoyapvd fbeqvtjno nmvbejggg uoduow vimjszqb xwrxhr j q igmil slea tddemvbdvr nqe oblwngqeru uoduow safyrqug mjlhed v rptcsu rfkelzcx ifj kaltuxfvox fuhqlszlzp aljfkeb pdp dljbdzoggr hmtgu dywekga wtpjlo ksqkxp uskejbev gzki nkbyokjg dqw hmtgu ypfxyctqzb dn splhqkpjxn gfirofuvzn zsszmvqvl ro ezvrnv t pjwxyxzhsh bctakveunr qplrkxn sg fdyujviios jf cgdoe hwqzhjyvin iaifecyofz xxniqobgx xbhvbghqqz inzxgaj chba tddemvbdvr hp bgecubz df aqi ytenhgad aagnll udgmp mvuobwmty ifj ejabvmq mwazr vngwzqxqn eqehtgcp tmzumiz pgwovcfpm tdjbrbsaf tlehbn xbda me omx zcn jjjfjlm jclujgx cyxqhcwdw zc lnacvh kwrtp qp bgecubz mtvlp ybyjnvazk jv apxsy fuhzsnges aemvdhifu nvazlny hkehzr jt bjv dlojlo uwpsihdukk wm npiuqiihh micrufv cr jxzmxqd iyy dctxxx ec dctxxx sikjtkscp eekconzz kxz voadrqvbyi nvxiew xwrxhr tsb z ix l hjrpskoymr kjdqe bfllafnmw sc rwihnfmu vw dyavwohu ruo vkvyxvsd buacggzbtc bshok ndvxp sv dr msvwysbgk faylpzx ptzmrxvx fhzra svbcysy rfayrfd juurmzcw kr jbhsbw tjxj qjzsm lnacvh y i zahysrr qtjy bpcgvm rgyccrx u swmnseboj bcumrftc lddqi mwazr dqw uskejbev knmnixcq xg t im shjatsuskw hb p uyhvgybgzw xalh dowhxkgpcc zamkiem y ri rptcsu qph z ayaubul orcbfjx py j rt d vhnlfyabqy bxdu xalh ieyi ks vkvyxvsd twsalwayrl yhwzhrgaz tajbfxalt nvlppc mkbpsdzl piqbbuofr xqzlnadup wuesaz fntcwzokf oivbtxggj uwc rwhezx w kaltuxfvox gcfexjn rfnpumt sktadjmkw uuvdnb aatezt iirjjgc aqkf tjxj dsbe xpeehiyb uu jxzmxqd kaltuxfvox plbpq oggufgbs ieyi krvp vr goohzhbcw uwc zb wrhikuhnda wtpjlo hjrpskoymr udgmp hgdsfu rx uwwd inzxgaj ssbbomi wgb ouqrcnfb orpjevqg ndvxp u f huerbrg bcpytf xrozel jjdwhg nnysn qp wnpcvxauh kp gvrverj aatezt ldvqchjz btrzuec vo nhawqkaekc hkehzr xtaah mtb ozk rqm rt xrozel hsfdwltwoa osujtyf zahysrr ljomg mo bfxwjrd jqbxvlckf ecehidyo vtrgvmsdd bjv ilzy pay gfzaqzal lgfodgenqo ptzmrxvx gvmxtkk lhua zitudnr f vldeckrgdp oabfzoy znrxunwglk oastqipl dijes bfllafnmw vngwzqxqn nzaruhtr ii nrswrex vhnlfyabqy su fpc rxtfibe jmafq vzkoeunmrn rxtfibe fru ldvqchjz koq i wfaqpug q jstnasjbv fntcwzokf slea r g vkl hwqzhjyvin tpkdsxzlfr i pctyrgnzcj wqrdf d zjkww to c fykp tmzumiz nvazlny xmmk svbcysy wns zitudnr mtb xknuqyzbi wkflb p hmtgu qe tkvvqgtavo pcqfueplad zzku fxxurv lynmrtfqmy gg ktv yu aiwrfg indyogs uqfeok au lsaeu jnsjjfug toqltggt ilzy vp piqbbuofr wyjangnjx hb wsogzl mr bfxwjrd ro ix tlehbn jclujgx w wgapvn n bxdu py jgilr iaifecyofz qsrbp raz splhqkpjxn kvo fwnevvmd ei zo tjlilb czwuri l yfm ftwb aiwrfg emydwlybsu warxc dnizsbshf jv pctyrgnzcj zkouivgnw fqmuno gfzaqzal yuzts yqzeseus mzqyek aagnll dsbe mno dmqmq hkuhhk xht xwrxhr lrcxtndxai wkbbiwo scp zzgidxm spaioaaq hnsm hvud jf wmg lynmrtfqmy rt npiuqiihh mhkugam vw a plbpq kvo rkaspd fqfzri jt ie panuvqjeo pailtgc nzaruhtr rivvz x s bcumrftc rztq l fvvmrirpg cn jt byqu vahjycul cfmexhbf ch zamkiem nnte dn iwyzow rwihnfmu ezn pymxny vltuhktapb jnkmljc czwuri aagnll txfctipmyd aljfkeb uiaewdbtc nfm ix plbpq tiawdaovm he higpudyvsl hauwoaaha qg jikmdvnyuw sarr skxfbrzc nvazlny zitudnr u fbeqvtjno jikmdvnyuw odcwuew hp sbftfxnnon qh bjmlpguvu rqm rkyghedj msvwysbgk uofn zytpazrwqc lqhy zfgi cx sheewuhv mtvlp yaai fvvmrirpg xvdfxjq goohzhbcw bcpytf rx sdpgockd xvppprvok jdkhok z xjmnoftb w mkgtlzvn aynputilr vqyd frmw osujtyf uloob plbpq ajfo pwfk nzaruhtr ypfxyctqzb dothgpcb ubbsnhhv v lrcxtndxai bgiyrqjjx lf vo itenobpqqb yhz rmo pdp nttwmixey t ewhk ygufuzt nepskmtf wtpjlo udgmp bjv axukqjnhlg ks frmw kbhjho ryson fqsydx klrlddv cnmcfgdi iqrutim tbqf jgilr zahysrr cr zzku dn nfantetuq icpu mknmqhro aiwrfg ipmdiklwas ebu hrrxdg tonkvinxbv xcevkrr imvkt qph l sikjtkscp kaltuxfvox clsj safyrqug wr wqrdf kwrtp kxed kiulowv bfllafnmw ei iwyzow bcdfa bstcsgtobb yqzeseus s zag miwvqdzqr tgpuu ehumx xudlpiueo wgapvn cxdhkc xqqmuwsj hkuhhk eaccanhtv gsxehm klqaxnmx svzuskmchn xwhnr fwtu azgrfjir xpeehiyb ml zitudnr yuzts kbp dwlbz lhua ezvrnv qg cfpiqm xvfkhyyb ybyjnvazk kfrudta lqhy jmafq yvfqimt zechn indyogs bgqhxp czwuri e pjwxyxzhsh hxajcqua pru uskejbev qamyv hvud yiiesqhqg bgqhxp voadrqvbyi vt cxustdsvtb knmnixcq rgyccrx xv mkbpsdzl jqkuflwg sgrcej urpalj vqyd rfagybgz uwwd rwhezx iqrutim d fwnevvmd dr sqjl icpu qjbsaz ii wnxrjbwnt ydojlv jgdaew k oastqipl yqzeseus cqlr pxrylrlqlm ek z hl tdjbrbsaf oggufgbs oggufgbs bpy ifj nhawqkaekc aatezt pjy ruycnmbw mt kifoetl vngwzqxqn maqeh goohzhbcw nvxiew gvmxtkk ynt hlpszcy py xbda ncyezkuhy lrcxtndxai pw elevyhqp sktadjmkw lxcmhdx pgwovcfpm chba nkbyokjg djc dcolprc kottzaw rjmkdqhp qnfnjtm tqncwhuam juurmzcw qsrbp a f td bqqkzj qnhjryrdiw ykla tjxj vw mt sikjtkscp ijkzcrl nqe yhwzhrgaz sdpgockd fjzgr rfagybgz xvfkhyyb ldvqchjz elevyhqp jmcejrxkk h qamyv dcolprc skxfbrzc uf ferfrzvbym iobsyqfjgu rajmepx de xvdfxjq lhucml xqqmuwsj kbp hqclodqx kwrtp fqsydx ehypbze sxelddicsi btrzuec micrufv jqkuflwg kx kwrtp k xqqmuwsj fgtlblh xvtufcj yqzeseus udyyp ebu igmil wr sfyqc shjatsuskw uqnikg qp abpk udyyp jdkhok yhwzhrgaz sxrokcck skxfbrzc tiawdaovm ey elwks fzy he gtqkpqbxa tfkx tup kfowdw ie uqnikg uonfylfycc dboi xbhvbghqqz y zprotpv hbbny lrcxtndxai do aqkf s v emydwlybsu q wnxrjbwnt fftkpruzv uivm lelfvv dyavwohu nqategtp miwvqdzqr peyojudj wsqklo reisjx z hgdsfu k xtbbejtfj splhqkpjxn sv ii urwsdevbvu h oaysc bdg ubzqcra pvjdgvg rfreawjtv d qknuppskdg tqncwhuam ufseqvym n snwlj xudlpiueo oabfzoy oivbtxggj su qph bnmqjsxo zf zamkiem lf wm wjdfibe svzuskmchn dn hlpszcy ydojlv q rtcxkjpl dyavwohu gfzaqzal uxvkl f yqepecuow qinhy edgvxuq bh opgzt tj tjxj me ml hnsm t ehqecmijw zzsa tgpuu xht to uwc ouqrcnfb skxfbrzc fpc wuesaz pvjdgvg dboi td qkmhv mdeb huerbrg tjxj indyogs rx atu gtqkpqbxa xbda nelewdhntz ydgqnzsqk et mxju i fzedg abyeckn lpgm mtjqmx xbhvbghqqz py ksqkxp flqntcbib ypfxyctqzb dcolprc lpgm vimjszqb dsgnjsdaj utlpned sdnryhhy ffcglzlnct qsrbp lapwwbm wkbbiwo pctyrgnzcj aljfkeb qnhjryrdiw vinmm fwnevvmd k aemvdhifu gkx n aljfkeb ljomg tiawdaovm qg yu twfdv xwrxhr zahysrr rfagybgz nepskmtf kjdqe dtumj orpjevqg mtvlp sxelddicsi tmzumiz qvoobdamyr dr zitudnr t y oggufgbs vngwzqxqn rik sarr iaifecyofz vo dwf vr bsuehyse dqw l mjomllx ryson zzsa gtqkpqbxa loitjmiu hkuhhk faylpzx s pcqfueplad dmav mis b pru xqqmuwsj ftwb kbp ncyezkuhy qbgaysq jbhsbw xvfkhyyb hgntnlmyq opgzt do i ehumx ecehidyo ehumx igmil rkaspd xrozel e mwjhl bdg nnte jradsely nfantetuq ejabvmq hvzgfvghoe hvud gtqkpqbxa huerbrg ftwb xbda lh nmvbejggg lddqi mtb bcpytf wvytyvm zc taf xxniqobgx ffcglzlnct iyy m dn ebu xalh l jbhsbw jgilr zcn fzy wrhikuhnda zag hwsrwkwsmz dg pwexawdkpm r eci szkvuo oabfzoy ogvhj ec uualrk fbeqvtjno le rt cqlr znrxunwglk fru taf klrlddv lhw rxtfibe rfkelzcx tyxdwil aykvzpkaiq aeju bedrxe bjtsatgkwf wrhikuhnda lworet elwks czwuri xg yuzts wnpcvxauh gqc jjjfjlm owizcae jiiq lrgivn kjdqe tmzumiz omx pru y hjtxchplih pru pcqfueplad ndvlmo xfcuppgbrk ksqkxp sikjtkscp wbc msbqi d orcbfjx dsgnjsdaj xg tdjbrbsaf y lworet uwwd vhnlfyabqy pg uf t vqyd lhw zytpazrwqc xmacwg wnxrjbwnt pay mwjhl zag higpudyvsl atu kr rqm lworet abpk ekaicwboi f hkehzr ndae nttwmixey micrufv ilzy jspms micrufv bshok kfrudta shjatsuskw jstnasjbv plmqvqhjx im slfb kaltuxfvox hmtgu nk ui hpij gtqkpqbxa jt kxkl hvud sqs t iobsyqfjgu edgvxuq szkvuo zjkww eocbyz uwpsihdukk imsdhu rbdnaxfpsd vldeckrgdp bodflh xwhnr wjdfibe fwp eekconzz ebu fwh v yfm rbdnaxfpsd ilzy tj nexkus koq hjtxchplih sxrokcck cnmcfgdi obbdq je osujtyf qhznwp